Microchip MPLAB XC8 Compiler V1.20 ()

Linker command line:

--edf=/opt/microchip/xc8/v1.20/dat/en_msgs.txt -cs \
  -h+dist/default/production/mq-2016.X.production.sym \
  --cmf=dist/default/production/mq-2016.X.production.cmf -z -Q16F886 \
  -o/tmp/cgtoAhPCJ -Mdist/default/production/mq-2016.X.production.map -E1 \
  -ver=XC8 -ACONST=00h-0FFhx32 -ACODE=00h-07FFhx4 -ASTRCODE=00h-01FFFh \
  -AENTRY=00h-0FFhx32 -ASTRING=00h-0FFhx32 -ACOMMON=070h-07Fh \
  -ABANK0=020h-06Fh -ABANK1=0A0h-0EFh -ABANK2=0110h-016Fh \
  -ABANK3=0190h-01EFh -ARAM=020h-06Fh,0A0h-0EFh,0110h-016Fh,0190h-01EFh \
  -AABS1=020h-07Fh,0A0h-0EFh,0110h-016Fh,0190h-01EFh -ASFR0=00h-01Fh \
  -ASFR1=080h-09Fh -ASFR2=0100h-010Fh -ASFR3=0180h-018Fh \
  -preset_vec=00h,intentry=04h,init,end_init -ppowerup=CODE -pfunctab=CODE \
  -ACONFIG=02007h-02008h -pconfig=CONFIG -DCONFIG=2 -AIDLOC=02000h-02003h \
  -pidloc=IDLOC -DIDLOC=2 -AEEDATA=00h-0FFh/02100h -peeprom_data=EEDATA \
  -DEEDATA=2 -DCODE=2 -DSTRCODE=2 -DSTRING=2 -DCONST=2 -DENTRY=2 -k \
  /tmp/cgtuW9Y6a.obj dist/default/production/mq-2016.X.production.obj 

Object code version is 3.11

Machine type is 16F886



                Name                               Link     Load   Length Selector   Space Scale
/tmp/cgtuW9Y6a.obj
                end_init                             12       12        3        8       0
                reset_vec                             0        0        3        0       0
                config                             2007     2007        1     400E       0
dist/default/production/mq-2016.X.production.obj
                intentry                              4        4        E        8       0
                text43                             1569     1569       19     2AD2       0
                text42                             16CD     16CD       2E     2D9A       0
                text41                              BDD      BDD       80     17BA       0
                text40                             16A2     16A2       2B     2D44       0
                text39                             1582     1582       19     2B04       0
                text38                             15E7     15E7       1F     2BCE       0
                text37                             1678     1678       2A     2CF0       0
                text36                              C5D      C5D       87     18BA       0
                text35                              AF6      AF6       72     15EC       0
                text34                              A29      A29       64     1452       0
                text33                              806      806       3C     100C       0
                text32                              885      885       4D     110A       0
                text31                              842      842       43     1084       0
                text30                              ED6      ED6      12A     1DAC       0
                text29                             1651     1651       27     2CA2       0
                text28                              8D2      8D2       4D     11A4       0
                text27                              CE4      CE4       91     19C8       0
                text26                             1759     1759       31     2EB2       0
                text25                             1553     1553       16     2AA6       0
                text24                              696      696      130      D2C       0
                text23                               15       15      2E7        8       0
                text22                             14E2     14E2        7     29C4       0
                text21                              2FC      2FC      1C2        8       0
                text20                             152E     152E       12     2A5C       0
                text19                             16FB     16FB       2F     2DF6       0
                text18                              971      971       57     12E2       0
                text17                             150C     150C       11     2A18       0
                text16                             151D     151D       11     2A3A       0
                text15                              9C8      9C8       61     1390       0
                text14                              91F      91F       52     123E       0
                text13                              B68      B68       75     16D0       0
                text12                              D75      D75       A6     1AEA       0
                text11                              7C6      7C6       34      D2C       0
                text10                             159B     159B       19     2B36       0
                text9                               4BE      4BE       41        8       0
                text8                              178A     178A       3B     2F14       0
                text7                               A8D      A8D       69     151A       0
                text6                              172A     172A       2F     2E54       0
                text5                              1606     1606       25     2C0C       0
                text4                              17C5     17C5       3B     2F8A       0
                text3                              15CD     15CD       1A     2B9A       0
                text2                              15B4     15B4       19     2B68       0
                text1                              14F1     14F1        D     29E2       0
                maintext                            E1B      E1B       BB     1C36       0
                cstackBANK0                          20       20       4E       20       1
                cstackCOMMON                         70       70        E       70       1
                cstackBANK1                          DF       DF        C       A0       1
                cstackBANK3                         1A1      1A1        2      190       1
                inittext                           1540     1540       13     2A80       0
                clrtext                            14E9     14E9        8     29D2       0
                bssBANK3                            190      190       11      190       1
                dataBANK1                            D1       D1        E       A0       1
                bssBANK1                             A0       A0       31       A0       1
                bssBANK0                             6E       6E        2       20       1
                cinit                              162B     162B       26     2C56       0
                stringtext                          500      500      196        A       0
                idataBANK1                         14FE     14FE        E     29FC       0

TOTAL           Name                               Link     Load   Length     Space
        CLASS   CONST          

        CLASS   CODE           
                end_init                             12       12        3         0
                intentry                              4        4        E         0
                reset_vec                             0        0        3         0
                text43                             1569     1569       19         0
                text42                             16CD     16CD       2E         0
                text41                              BDD      BDD       80         0
                text40                             16A2     16A2       2B         0
                text39                             1582     1582       19         0
                text38                             15E7     15E7       1F         0
                text37                             1678     1678       2A         0
                text36                              C5D      C5D       87         0
                text35                              AF6      AF6       72         0
                text34                              A29      A29       64         0
                text33                              806      806       3C         0
                text32                              885      885       4D         0
                text31                              842      842       43         0
                text30                              ED6      ED6      12A         0
                text29                             1651     1651       27         0
                text28                              8D2      8D2       4D         0
                text27                              CE4      CE4       91         0
                text26                             1759     1759       31         0
                text25                             1553     1553       16         0
                text24                              696      696      130         0
                text23                               15       15      2E7         0
                text22                             14E2     14E2        7         0
                text21                              2FC      2FC      1C2         0
                text20                             152E     152E       12         0
                text19                             16FB     16FB       2F         0
                text18                              971      971       57         0
                text17                             150C     150C       11         0
                text16                             151D     151D       11         0
                text15                              9C8      9C8       61         0
                text14                              91F      91F       52         0
                text13                              B68      B68       75         0
                text12                              D75      D75       A6         0
                text11                              7C6      7C6       34         0
                text10                             159B     159B       19         0
                text9                               4BE      4BE       41         0
                text8                              178A     178A       3B         0
                text7                               A8D      A8D       69         0
                text6                              172A     172A       2F         0
                text5                              1606     1606       25         0
                text4                              17C5     17C5       3B         0
                text3                              15CD     15CD       1A         0
                text2                              15B4     15B4       19         0
                text1                              14F1     14F1        D         0
                maintext                            E1B      E1B       BB         0
                inittext                           1540     1540       13         0
                clrtext                            14E9     14E9        8         0
                cinit                              162B     162B       26         0
                idataBANK1                         14FE     14FE        E         0

        CLASS   STRCODE        
                stringtext                          500      500      196         0

        CLASS   ENTRY          

        CLASS   STRING         

        CLASS   COMMON         
                cstackCOMMON                         70       70        E         1

        CLASS   BANK0          
                cstackBANK0                          20       20       4E         1
                bssBANK0                             6E       6E        2         1

        CLASS   BANK1          
                cstackBANK1                          DF       DF        C         1
                dataBANK1                            D1       D1        E         1
                bssBANK1                             A0       A0       31         1

        CLASS   BANK2          

        CLASS   BANK3          
                cstackBANK3                         1A1      1A1        2         1
                bssBANK3                            190      190       11         1

        CLASS   RAM            

        CLASS   ABS1           
                abs_s1                               7E       7E        2         1

        CLASS   SFR0           

        CLASS   SFR1           

        CLASS   SFR2           

        CLASS   SFR3           

        CLASS   CONFIG         
                config                             2007     2007        1         0

        CLASS   IDLOC          

        CLASS   EEDATA         



SEGMENTS        Name                           Load    Length   Top    Selector   Space  Class     Delta

                reset_vec                      000000  000003  000003         0       0  CODE        2
                intentry                       000004  0004FB  0004FF         8       0  CODE        2
                cstackBANK0                    000020  000050  000070        20       1  BANK0       1
                cstackCOMMON                   000070  00000E  00007E        70       1  COMMON      1
                bssBANK1                       0000A0  00004B  0000EB        A0       1  BANK1       1
                bssBANK3                       000190  000013  0001A3       190       1  BANK3       1
                stringtext                     000500  000196  000696         A       0  STRCODE     2
                text24                         000696  000164  0007FA       D2C       0  CODE        2
                text33                         000806  00003C  000842      100C       0  CODE        2
                text31                         000842  000043  000885      1084       0  CODE        2
                text32                         000885  00004D  0008D2      110A       0  CODE        2
                text28                         0008D2  00004D  00091F      11A4       0  CODE        2
                text14                         00091F  000052  000971      123E       0  CODE        2
                text18                         000971  000057  0009C8      12E2       0  CODE        2
                text15                         0009C8  000061  000A29      1390       0  CODE        2
                text34                         000A29  000064  000A8D      1452       0  CODE        2
                text7                          000A8D  000069  000AF6      151A       0  CODE        2
                text35                         000AF6  000072  000B68      15EC       0  CODE        2
                text13                         000B68  000075  000BDD      16D0       0  CODE        2
                text41                         000BDD  000080  000C5D      17BA       0  CODE        2
                text36                         000C5D  000087  000CE4      18BA       0  CODE        2
                text27                         000CE4  000091  000D75      19C8       0  CODE        2
                text12                         000D75  0000A6  000E1B      1AEA       0  CODE        2
                maintext                       000E1B  0000BB  000ED6      1C36       0  CODE        2
                text30                         000ED6  00012A  001000      1DAC       0  CODE        2
                text22                         0014E2  000007  0014E9      29C4       0  CODE        2
                clrtext                        0014E9  000008  0014F1      29D2       0  CODE        2
                text1                          0014F1  00000D  0014FE      29E2       0  CODE        2
                idataBANK1                     0014FE  00000E  00150C      29FC       0  CODE        2
                text17                         00150C  000011  00151D      2A18       0  CODE        2
                text16                         00151D  000011  00152E      2A3A       0  CODE        2
                text20                         00152E  000012  001540      2A5C       0  CODE        2
                inittext                       001540  000013  001553      2A80       0  CODE        2
                text25                         001553  000016  001569      2AA6       0  CODE        2
                text43                         001569  000019  001582      2AD2       0  CODE        2
                text39                         001582  000019  00159B      2B04       0  CODE        2
                text10                         00159B  000019  0015B4      2B36       0  CODE        2
                text2                          0015B4  000019  0015CD      2B68       0  CODE        2
                text3                          0015CD  00001A  0015E7      2B9A       0  CODE        2
                text38                         0015E7  00001F  001606      2BCE       0  CODE        2
                text5                          001606  000025  00162B      2C0C       0  CODE        2
                cinit                          00162B  000026  001651      2C56       0  CODE        2
                text29                         001651  000027  001678      2CA2       0  CODE        2
                text37                         001678  00002A  0016A2      2CF0       0  CODE        2
                text40                         0016A2  00002B  0016CD      2D44       0  CODE        2
                text42                         0016CD  00002E  0016FB      2D9A       0  CODE        2
                text19                         0016FB  00002F  00172A      2DF6       0  CODE        2
                text6                          00172A  00002F  001759      2E54       0  CODE        2
                text26                         001759  000031  00178A      2EB2       0  CODE        2
                text8                          00178A  00003B  0017C5      2F14       0  CODE        2
                text4                          0017C5  00003B  001800      2F8A       0  CODE        2
                config                         002007  000001  002008      400E       0  CONFIG      2


UNUSED ADDRESS RANGES

        Name                Unused          Largest block    Delta
        BANK1            00EB-00EF              5           1
        BANK2            0110-016F             60           1
        BANK3            01A3-01EF             4D           1
        CODE             0003-0003              1           2
                         04FF-04FF              1
                         07FA-0805              6
                         1000-14E1            4E2
                         1800-1FFF            800
        CONFIG           2008-2008              1           2
        CONST            0003-0003              1           2
                         04FF-04FF              1
                         07FA-0805              6
                         1000-14E1            100
                         1800-1FFF            100
        EEDATA           2100-21FF            100           2
        ENTRY            0003-0003              1           2
                         04FF-04FF              1
                         07FA-0805              6
                         1000-14E1            100
                         1800-1FFF            100
        IDLOC            2000-2003              4           2
        RAM              00EB-00EF              5           1
                         0110-016F             60
                         01A3-01EF             4D
        SFR0             0000-001F             20           1
        SFR1             0080-009F             20           1
        SFR2             0100-010F             10           1
        SFR3             0180-018F             10           1
        STRCODE          0003-0003              1           2
                         04FF-04FF              1
                         07FA-0805              C
                         1000-14E1            4E2
                         1800-1FFF            800
        STRING           0003-0003              1           2
                         04FF-04FF              1
                         07FA-0805              6
                         1000-14E1            100
                         1800-1FFF            100

                                  Symbol Table

?___awdiv                                 cstackCOMMON 0070
?___awmod                                 cstackCOMMON 0070
?___bmul                                  cstackCOMMON 0070
?___lbdiv                                 cstackCOMMON 0072
?___lwdiv                                 cstackCOMMON 0070
?___lwmod                                 cstackCOMMON 0078
?_adcon_ler_canal                         cstackCOMMON 0070
?_adcon_mostra                            cstackBANK0  0034
?_div                                     cstackCOMMON 0079
?_eeprom_gravar_word                      cstackBANK1  00E7
?_eeprom_ler_word                         cstackCOMMON 0072
?_eeprom_write                            cstackBANK1  00E4
?_lcd_goto                                cstackBANK1  00E6
?_lcd_puts                                cstackBANK1  00E6
?_sprintf                                 cstackBANK0  0020
?i1_eeprom_gravar_word                    cstackCOMMON 0073
?i1_eeprom_write                          cstackCOMMON 0070
?i1_lcd_goto                              cstackCOMMON 0072
?i1_lcd_puts                              cstackCOMMON 0074
_ADCON0bits                               (abs)        001F
_ADCON1bits                               (abs)        009F
_ADRESH                                   (abs)        001E
_ADRESL                                   (abs)        009E
_ANSEL                                    (abs)        0188
_ANSELH                                   (abs)        0189
_BRG16                                    (abs)        0C3B
_BRGH                                     (abs)        04C2
_CARRY                                    (abs)        0018
_CREN                                     (abs)        00C4
_EEADR                                    (abs)        010D
_EECON1                                   (abs)        018C
_EECON2                                   (abs)        018D
_EEDATA                                   (abs)        010C
_GIE                                      (abs)        005F
_INTCONbits                               (abs)        000B
_IOCB                                     (abs)        0096
_LCD_POSICAO                              stringtext   0544
_OPTION_REGbits                           (abs)        0081
_PIE1bits                                 (abs)        008C
_PIR1bits                                 (abs)        000C
_RB0                                      (abs)        0030
_RB1                                      (abs)        0031
_RB2                                      (abs)        0032
_RB4                                      (abs)        0034
_RB5                                      (abs)        0035
_RB6                                      (abs)        0036
_RB7                                      (abs)        0037
_RBIE                                     (abs)        005B
_RBIF                                     (abs)        0058
_RC0                                      (abs)        0038
_RC1                                      (abs)        0039
_RC2                                      (abs)        003A
_RCREG                                    (abs)        001A
_RD                                       (abs)        0C60
_SPBRG                                    (abs)        0099
_SPEN                                     (abs)        00C7
_SYNC                                     (abs)        04C4
_TMR0                                     (abs)        0001
_TRISA                                    (abs)        0085
_TRISB0                                   (abs)        0430
_TRISB1                                   (abs)        0431
_TRISB2                                   (abs)        0432
_TRISB4                                   (abs)        0434
_TRISB5                                   (abs)        0435
_TRISB6                                   (abs)        0436
_TRISB7                                   (abs)        0437
_TRISC0                                   (abs)        0438
_TRISC1                                   (abs)        0439
_TRISC2                                   (abs)        043A
_TRISC6                                   (abs)        043E
_TRISC7                                   (abs)        043F
_TX9                                      (abs)        04C6
_TXEN                                     (abs)        04C5
_TXREG                                    (abs)        0019
_WPUB                                     (abs)        0095
_WR                                       (abs)        0C61
_WREN                                     (abs)        0C62
__CFG_BOREN$OFF                           (abs)        0000
__CFG_CP$OFF                              (abs)        0000
__CFG_FOSC$XT                             (abs)        0000
__CFG_LVP$OFF                             (abs)        0000
__CFG_PWRTE$ON                            (abs)        0000
__CFG_WDTE$OFF                            (abs)        0000
__Habs1                                   abs1         0000
__Hbank0                                  bank0        0000
__Hbank1                                  bank1        0000
__Hbank2                                  bank2        0000
__Hbank3                                  bank3        0000
__HbssBANK0                               bssBANK0     0000
__HbssBANK1                               bssBANK1     0000
__HbssBANK3                               bssBANK3     0000
__Hcinit                                  cinit        0000
__Hclrtext                                clrtext      0000
__Hcode                                   code         0000
__Hcommon                                 common       0000
__Hconfig                                 config       2008
__HcstackBANK0                            cstackBANK0  0000
__HcstackBANK1                            cstackBANK1  0000
__HcstackBANK3                            cstackBANK3  0000
__HcstackCOMMON                           cstackCOMMON 0000
__HdataBANK1                              dataBANK1    0000
__Heeprom_data                            eeprom_data  0000
__Hend_init                               end_init     0015
__Hfunctab                                functab      0000
__HidataBANK1                             idataBANK1   0000
__Hidloc                                  idloc        0000
__Hinit                                   init         0012
__Hinittext                               inittext     0000
__Hintentry                               intentry     0012
__Hmaintext                               maintext     0000
__Hpowerup                                powerup      0000
__Hram                                    ram          0000
__Hreset_vec                              reset_vec    0003
__Hsfr0                                   sfr0         0000
__Hsfr1                                   sfr1         0000
__Hsfr2                                   sfr2         0000
__Hsfr3                                   sfr3         0000
__Hstrings                                strings      0000
__Hstringtext                             stringtext   0000
__Htext                                   text         0000
__Labs1                                   abs1         0000
__Lbank0                                  bank0        0000
__Lbank1                                  bank1        0000
__Lbank2                                  bank2        0000
__Lbank3                                  bank3        0000
__LbssBANK0                               bssBANK0     0000
__LbssBANK1                               bssBANK1     0000
__LbssBANK3                               bssBANK3     0000
__Lcinit                                  cinit        0000
__Lclrtext                                clrtext      0000
__Lcode                                   code         0000
__Lcommon                                 common       0000
__Lconfig                                 config       2007
__LcstackBANK0                            cstackBANK0  0000
__LcstackBANK1                            cstackBANK1  0000
__LcstackBANK3                            cstackBANK3  0000
__LcstackCOMMON                           cstackCOMMON 0000
__LdataBANK1                              dataBANK1    0000
__Leeprom_data                            eeprom_data  0000
__Lend_init                               end_init     0012
__Lfunctab                                functab      0000
__LidataBANK1                             idataBANK1   0000
__Lidloc                                  idloc        0000
__Linit                                   init         0012
__Linittext                               inittext     0000
__Lintentry                               intentry     0004
__Lmaintext                               maintext     0000
__Lpowerup                                powerup      0000
__Lram                                    ram          0000
__Lreset_vec                              reset_vec    0000
__Lsfr0                                   sfr0         0000
__Lsfr1                                   sfr1         0000
__Lsfr2                                   sfr2         0000
__Lsfr3                                   sfr3         0000
__Lstrings                                strings      0000
__Lstringtext                             stringtext   0000
__Ltext                                   text         0000
__S0                                      (abs)        2008
__S1                                      (abs)        01A3
__S3                                      (abs)        0000
___awdiv                                  text35       0AF6
___awdiv@counter                          cstackCOMMON 0075
___awdiv@dividend                         cstackCOMMON 0072
___awdiv@divisor                          cstackCOMMON 0070
___awdiv@quotient                         cstackCOMMON 0077
___awdiv@sign                             cstackCOMMON 0076
___awmod                                  text34       0A29
___awmod@counter                          cstackCOMMON 0075
___awmod@dividend                         cstackCOMMON 0072
___awmod@divisor                          cstackCOMMON 0070
___awmod@sign                             cstackCOMMON 0076
___bmul                                   text43       1569
___bmul@multiplicand                      cstackCOMMON 0070
___bmul@multiplier                        cstackCOMMON 0073
___bmul@product                           cstackCOMMON 0072
___latbits                                (abs)        0002
___lbdiv                                  text19       16FB
___lbdiv@counter                          cstackCOMMON 0075
___lbdiv@dividend                         cstackCOMMON 0074
___lbdiv@divisor                          cstackCOMMON 0072
___lbdiv@quotient                         cstackCOMMON 0076
___lwdiv                                  text32       0885
___lwdiv@counter                          cstackCOMMON 0077
___lwdiv@dividend                         cstackCOMMON 0072
___lwdiv@divisor                          cstackCOMMON 0070
___lwdiv@quotient                         cstackCOMMON 0075
___lwmod                                  text31       0842
___lwmod@counter                          cstackCOMMON 007D
___lwmod@dividend                         cstackCOMMON 007A
___lwmod@divisor                          cstackCOMMON 0078
__end_of_LCD_POSICAO                      stringtext   054C
__end_of___awdiv                          text35       0B68
__end_of___awmod                          text34       0A8D
__end_of___bmul                           text43       1582
__end_of___lbdiv                          text19       172A
__end_of___lwdiv                          text32       08D2
__end_of___lwmod                          text31       0885
__end_of__initialization                  cinit        164D
__end_of__stringdata                      stringtext   0696
__end_of__stringtab                       stringtext   0512
__end_of_adcon_captura_grava              text24       07C6
__end_of_adcon_init                       text2        15CD
__end_of_adcon_ler_canal                  text36       0CE4
__end_of_adcon_mostra                     text27       0D75
__end_of_btns_init                        text11       07FA
__end_of_btns_testa                       text42       16FB
__end_of_canais                           stringtext   0550
__end_of_div                              text33       0842
__end_of_dpowers                          stringtext   0544
__end_of_eeprom_gravar_word               text3        15E7
__end_of_eeprom_ler_word                  text37       16A2
__end_of_eeprom_read                      text5        162B
__end_of_eeprom_write                     text4        1800
__end_of_estado_captura_mostra            text20       1540
__end_of_estado_executa_muda              text23       02FC
__end_of_estado_inicial                   text22       14E9
__end_of_estado_maquina                   text13       0BDD
__end_of_estado_max_min                   text17       151D
__end_of_estado_menu_conf_quant_sensores  text14       0971
__end_of_estado_menu_conf_tempo_amostra   text15       0A29
__end_of_estado_menu_limpar               text16       152E
__end_of_estado_menu_principal            text21       04BE
__end_of_estado_ver_todos                 text18       09C8
__end_of_handler                          text12       0E1B
__end_of_lcd_clear                        text39       159B
__end_of_lcd_goto                         text6        1759
__end_of_lcd_init                         text8        17C5
__end_of_lcd_puts                         text7        0AF6
__end_of_lcd_write                        text9        04FF
__end_of_main                             maintext     0ED6
__end_of_menu_quant_sensores              stringtext   053A
__end_of_menu_tempo_amostra               stringtext   052E
__end_of_mq_gl_r0                         stringtext   0552
__end_of_rs232_init                       text10       15B4
__end_of_rs232_transmite                  text41       0C5D
__end_of_sprintf                          text30       1000
__end_of_timer0_init                      text1        14FE
__end_ofexp@coeff                         stringtext   0570
__end_ofi1_eeprom_gravar_word             text25       1569
__end_ofi1_eeprom_read                    text38       1606
__end_ofi1_eeprom_write                   text26       178A
__end_ofi1_lcd_goto                       text29       1678
__end_ofi1_lcd_puts                       text28       091F
__end_ofi1_lcd_write                      text40       16CD
__end_oflog@coeff                         stringtext   058B
__initialization                          cinit        162B
__pbssBANK0                               bssBANK0     006E
__pbssBANK1                               bssBANK1     00A0
__pbssBANK3                               bssBANK3     0190
__pcstackBANK0                            cstackBANK0  0020
__pcstackBANK1                            cstackBANK1  00DF
__pcstackBANK3                            cstackBANK3  01A1
__pcstackCOMMON                           cstackCOMMON 0070
__pdataBANK1                              dataBANK1    00D1
__pidataBANK1                             idataBANK1   14FE
__pintentry                               intentry     0004
__pmaintext                               maintext     0E1B
__pstringtext                             stringtext   0500
__ptext1                                  text1        14F1
__ptext10                                 text10       159B
__ptext11                                 text11       07C6
__ptext12                                 text12       0D75
__ptext13                                 text13       0B68
__ptext14                                 text14       091F
__ptext15                                 text15       09C8
__ptext16                                 text16       151D
__ptext17                                 text17       150C
__ptext18                                 text18       0971
__ptext19                                 text19       16FB
__ptext2                                  text2        15B4
__ptext20                                 text20       152E
__ptext21                                 text21       02FC
__ptext22                                 text22       14E2
__ptext23                                 text23       0015
__ptext24                                 text24       0696
__ptext25                                 text25       1553
__ptext26                                 text26       1759
__ptext27                                 text27       0CE4
__ptext28                                 text28       08D2
__ptext29                                 text29       1651
__ptext3                                  text3        15CD
__ptext30                                 text30       0ED6
__ptext31                                 text31       0842
__ptext32                                 text32       0885
__ptext33                                 text33       0806
__ptext34                                 text34       0A29
__ptext35                                 text35       0AF6
__ptext36                                 text36       0C5D
__ptext37                                 text37       1678
__ptext38                                 text38       15E7
__ptext39                                 text39       1582
__ptext4                                  text4        17C5
__ptext40                                 text40       16A2
__ptext41                                 text41       0BDD
__ptext42                                 text42       16CD
__ptext43                                 text43       1569
__ptext5                                  text5        1606
__ptext6                                  text6        172A
__ptext7                                  text7        0A8D
__ptext8                                  text8        178A
__ptext9                                  text9        04BE
__size_of___awdiv                         (abs)        0000
__size_of___awmod                         (abs)        0000
__size_of___bmul                          (abs)        0000
__size_of___lbdiv                         (abs)        0000
__size_of___lwdiv                         (abs)        0000
__size_of___lwmod                         (abs)        0000
__size_of_adcon_captura_grava             (abs)        0000
__size_of_adcon_init                      (abs)        0000
__size_of_adcon_ler_canal                 (abs)        0000
__size_of_adcon_mostra                    (abs)        0000
__size_of_btns_init                       (abs)        0000
__size_of_btns_testa                      (abs)        0000
__size_of_div                             (abs)        0000
__size_of_eeprom_gravar_word              (abs)        0000
__size_of_eeprom_ler_word                 (abs)        0000
__size_of_eeprom_read                     (abs)        0000
__size_of_eeprom_write                    (abs)        0000
__size_of_estado_captura_mostra           (abs)        0000
__size_of_estado_executa_muda             (abs)        0000
__size_of_estado_inicial                  (abs)        0000
__size_of_estado_maquina                  (abs)        0000
__size_of_estado_max_min                  (abs)        0000
__size_of_estado_menu_conf_quant_sensores (abs)        0000
__size_of_estado_menu_conf_tempo_amostra  (abs)        0000
__size_of_estado_menu_limpar              (abs)        0000
__size_of_estado_menu_principal           (abs)        0000
__size_of_estado_ver_todos                (abs)        0000
__size_of_handler                         (abs)        0000
__size_of_lcd_clear                       (abs)        0000
__size_of_lcd_goto                        (abs)        0000
__size_of_lcd_init                        (abs)        0000
__size_of_lcd_puts                        (abs)        0000
__size_of_lcd_write                       (abs)        0000
__size_of_main                            (abs)        0000
__size_of_rs232_init                      (abs)        0000
__size_of_rs232_transmite                 (abs)        0000
__size_of_sprintf                         (abs)        0000
__size_of_timer0_init                     (abs)        0000
__size_ofi1_eeprom_gravar_word            (abs)        0000
__size_ofi1_eeprom_read                   (abs)        0000
__size_ofi1_eeprom_write                  (abs)        0000
__size_ofi1_lcd_goto                      (abs)        0000
__size_ofi1_lcd_puts                      (abs)        0000
__size_ofi1_lcd_write                     (abs)        0000
__stringbase                              stringtext   0512
__stringdata                              stringtext   058B
__stringtab                               stringtext   0500
_adcon_captura_grava                      text24       0696
_adcon_init                               text2        15B4
_adcon_ler_canal                          text36       0C5D
_adcon_mostra                             text27       0CE4
_btns_init                                text11       07C6
_btns_testa                               text42       16CD
_canais                                   stringtext   054C
_div                                      text33       0806
_dpowers                                  stringtext   053A
_eeprom_gravar_word                       text3        15CD
_eeprom_ler_word                          text37       1678
_eeprom_read                              text5        1606
_eeprom_write                             text4        17C5
_errno                                    bssBANK1     00C9
_estado_captura_mostra                    text20       152E
_estado_executa_muda                      text23       0015
_estado_executa_muda$1447                 cstackBANK0  0054
_estado_executa_muda$1448                 cstackBANK0  0056
_estado_inicial                           text22       14E2
_estado_maquina                           text13       0B68
_estado_max_min                           text17       150C
_estado_menu_conf_quant_sensores          text14       091F
_estado_menu_conf_tempo_amostra           text15       09C8
_estado_menu_limpar                       text16       151D
_estado_menu_principal                    text21       02FC
_estado_ver_todos                         text18       0971
_gl_estado                                bssBANK1     00CF
_gl_item_menu_config_amostra              bssBANK1     00CB
_gl_item_menu_config_sensores             bssBANK0     006E
_gl_item_menu_principal                   bssBANK0     006F
_gl_item_menu_ver_todos                   bssBANK1     00D0
_handler                                  text12       0D75
_lcd_clear                                text39       1582
_lcd_goto                                 text6        172A
_lcd_init                                 text8        178A
_lcd_puts                                 text7        0A8D
_lcd_write                                text9        04BE
_main                                     maintext     0E1B
_menu_inicial                             dataBANK1    00D1
_menu_quant_sensores                      stringtext   052E
_menu_tempo_amostra                       stringtext   0512
_mq_gl_r0                                 stringtext   0550
_rs232_init                               text10       159B
_rs232_transmite                          text41       0BDD
_sprintf                                  text30       0ED6
_timer0_init                              text1        14F1
adcon_captura_grava@i                     cstackBANK0  0053
adcon_captura_grava@i_536                 cstackBANK0  0054
adcon_captura_grava@maior                 cstackBANK0  004A
adcon_captura_grava@menor                 cstackBANK0  004C
adcon_captura_grava@posicao               cstackBANK0  0050
adcon_captura_grava@qtd_sens              cstackBANK0  0051
adcon_captura_grava@qtd_val               cstackBANK0  0052
adcon_captura_grava@t_int                 cstackBANK0  0055
adcon_captura_grava@x                     cstackBANK0  004E
adcon_ler_canal@acc                       cstackCOMMON 0077
adcon_ler_canal@cnl                       cstackCOMMON 0076
adcon_ler_canal@i                         cstackCOMMON 007B
adcon_mostra@F1828                        bssBANK1     00C0
adcon_mostra@i                            cstackBANK0  0036
adcon_mostra@t_int                        cstackBANK0  0034
adcon_mostra@temp_div                     cstackBANK0  0044
adcon_mostra@temp_str                     cstackBANK0  003B
btemp                                     (abs)        007E
clear_ram0                                clrtext      14E9
div@denom                                 cstackCOMMON 007B
div@number                                cstackCOMMON 0079
div@rv                                    cstackBANK0  0020
eeprom_gravar_word@dado                   cstackBANK1  00E7
eeprom_gravar_word@end                    cstackBANK1  00EA
eeprom_ler_word@end                       cstackCOMMON 0076
eeprom_ler_word@temp_int                  cstackCOMMON 0077
eeprom_read@addr                          cstackBANK1  00E5
eeprom_write@addr                         cstackBANK1  00E6
eeprom_write@value                        cstackBANK1  00E4
end_of_initialization                     cinit        164D
estado_captura_mostra@opt                 cstackBANK0  005A
estado_executa_muda@F1751                 bssBANK3     0190
estado_executa_muda@endereco              cstackBANK0  004F
estado_executa_muda@i                     cstackBANK0  0059
estado_executa_muda@i_835                 cstackBANK0  0058
estado_executa_muda@maior                 cstackBANK0  0050
estado_executa_muda@menor                 cstackBANK0  0052
estado_executa_muda@novo_estado           cstackBANK0  004D
estado_executa_muda@posicao               cstackBANK0  004A
estado_executa_muda@qtd_sens              cstackBANK0  004E
estado_executa_muda@qtd_val               cstackBANK0  0049
estado_executa_muda@temp_int              cstackBANK0  004B
estado_executa_muda@tmp                   cstackBANK0  0038
estado_maquina@op                         cstackBANK0  0068
estado_max_min@opt                        cstackBANK0  005A
estado_menu_conf_quant_sensores@opt       cstackBANK0  005B
estado_menu_conf_tempo_amostra@opt        cstackBANK0  005A
estado_menu_limpar@opt                    cstackBANK0  005A
estado_menu_principal@i                   cstackBANK0  0064
estado_menu_principal@i_806               cstackBANK0  0065
estado_menu_principal@maior               cstackBANK0  005C
estado_menu_principal@menor               cstackBANK0  005E
estado_menu_principal@opt                 cstackBANK0  0060
estado_menu_principal@posicao             cstackBANK0  0061
estado_menu_principal@qtd_sens            cstackBANK0  0062
estado_menu_principal@qtd_val             cstackBANK0  0063
estado_menu_principal@t_int               cstackBANK0  0066
estado_ver_todos@opt                      cstackBANK0  005B
exp@coeff                                 stringtext   0552
handler@count_t0                          bssBANK1     00CD
handler@option                            cstackBANK1  00E3
handler@pos_taxa                          cstackBANK1  00E1
handler@tempo_amostra                     cstackBANK1  00DF
i1_eeprom_gravar_word                     text25       1553
i1_eeprom_read                            text38       15E7
i1_eeprom_write                           text26       1759
i1_lcd_goto                               text29       1651
i1_lcd_puts                               text28       08D2
i1_lcd_write                              text40       16A2
i1eeprom_gravar_word@dado                 cstackCOMMON 0073
i1eeprom_gravar_word@end                  cstackCOMMON 0076
i1eeprom_read@addr                        cstackCOMMON 0071
i1eeprom_write@addr                       cstackCOMMON 0072
i1eeprom_write@value                      cstackCOMMON 0070
i1lcd_goto@x                              cstackCOMMON 0072
i1lcd_goto@y                              cstackCOMMON 0074
i1lcd_puts@cmd                            cstackCOMMON 0078
i1lcd_puts@str                            cstackCOMMON 0074
i1lcd_write@c                             cstackCOMMON 0071
init_fetch0                               inittext     1540
init_ram0                                 inittext     1544
interrupt_function                        intentry     0004
intlevel0                                 functab      0000
intlevel1                                 functab      0000
intlevel2                                 functab      0000
intlevel3                                 functab      0000
intlevel4                                 functab      0000
intlevel5                                 functab      0000
lcd_goto@x                                cstackBANK1  00E6
lcd_goto@y                                cstackBANK1  00E8
lcd_puts@cmd                              cstackBANK1  00EA
lcd_puts@str                              cstackBANK1  00E6
lcd_write@c                               cstackBANK1  00E5
log@coeff                                 stringtext   0570
main@i                                    cstackBANK3  01A2
mq_mostra@F1739                           bssBANK1     00A0
mq_mostra@F1741                           bssBANK1     00B0
reset_vec                                 reset_vec    0000
rs232_transmite@i                         cstackCOMMON 007A
rs232_transmite@qtd_bytes                 cstackCOMMON 0078
rs232_transmite@qtd_sens                  cstackCOMMON 0077
rs232_transmite@qtd_val                   cstackCOMMON 0076
rs232_transmite@x                         cstackCOMMON 0079
saved_w                                   (abs)        007E
sprintf@_val                              cstackBANK0  002E
sprintf@ap                                cstackBANK0  002C
sprintf@c                                 cstackBANK0  0033
sprintf@f                                 cstackBANK0  0020
sprintf@flag                              cstackBANK0  002D
sprintf@prec                              cstackBANK0  002B
sprintf@sp                                cstackBANK0  0032
start                                     init         0012
start_initialization                      cinit        162B
wtemp0                                    (abs)        007E


FUNCTION INFORMATION:

 *************** function _main *****************
 Defined at:
		line 33 in file "main.c"
 Parameters:    Size  Location     Type
		None
 Auto vars:     Size  Location     Type
  i               1    1[BANK3 ] unsigned char 
 Return value:  Size  Location     Type
                  2   30[COMMON] int 
 Registers used:
		wreg, fsr0l, fsr0h, status,2, status,0, btemp+1, pclath, cstack
 Tracked objects:
		On entry : 
		On exit  : 
		Unchanged: 
 Data sizes:     COMMON   BANK0   BANK1   BANK3   BANK2
      Params:         0       0       0       0       0
      Locals:         0       0       0       1       0
      Temps:          0       0       0       1       0
      Totals:         0       0       0       2       0
Total ram usage:        2 bytes
 Hardware stack levels required when called:    8
 This function calls:
		_btns_init
		_rs232_init
		_lcd_init
		_lcd_puts
		_lcd_goto
		_eeprom_read
		_eeprom_write
		_eeprom_gravar_word
		_adcon_init
		_timer0_init
 This function is called by:
		Startup code after reset
 This function uses a non-reentrant model


 *************** function _timer0_init *****************
 Defined at:
		line 4 in file "timer.c"
 Parameters:    Size  Location     Type
		None
 Auto vars:     Size  Location     Type
		None
 Return value:  Size  Location     Type
		None               void
 Registers used:
		wreg, status,2, status,0
 Tracked objects:
		On entry : 
		On exit  : 
		Unchanged: 
 Data sizes:     COMMON   BANK0   BANK1   BANK3   BANK2
      Params:         0       0       0       0       0
      Locals:         0       0       0       0       0
      Temps:          0       0       0       0       0
      Totals:         0       0       0       0       0
Total ram usage:        0 bytes
 Hardware stack levels used:    1
 Hardware stack levels required when called:    6
 This function calls:
		Nothing
 This function is called by:
		_main
 This function uses a non-reentrant model


 *************** function _adcon_init *****************
 Defined at:
		line 137 in file "adcon.c"
 Parameters:    Size  Location     Type
		None
 Auto vars:     Size  Location     Type
		None
 Return value:  Size  Location     Type
		None               void
 Registers used:
		wreg, status,2, status,0
 Tracked objects:
		On entry : 
		On exit  : 
		Unchanged: 
 Data sizes:     COMMON   BANK0   BANK1   BANK3   BANK2
      Params:         0       0       0       0       0
      Locals:         0       0       0       0       0
      Temps:          0       0       0       0       0
      Totals:         0       0       0       0       0
Total ram usage:        0 bytes
 Hardware stack levels used:    1
 Hardware stack levels required when called:    6
 This function calls:
		Nothing
 This function is called by:
		_main
 This function uses a non-reentrant model


 *************** function _eeprom_gravar_word *****************
 Defined at:
		line 23 in file "eeprom.c"
 Parameters:    Size  Location     Type
  end             1    wreg     unsigned char 
  dado            2    8[BANK1 ] unsigned int 
 Auto vars:     Size  Location     Type
  end             1   11[BANK1 ] unsigned char 
 Return value:  Size  Location     Type
		None               void
 Registers used:
		wreg, status,2, status,0, pclath, cstack
 Tracked objects:
		On entry : 
		On exit  : 
		Unchanged: 
 Data sizes:     COMMON   BANK0   BANK1   BANK3   BANK2
      Params:         0       0       2       0       0
      Locals:         0       0       1       0       0
      Temps:          0       0       1       0       0
      Totals:         0       0       4       0       0
Total ram usage:        4 bytes
 Hardware stack levels used:    1
 Hardware stack levels required when called:    7
 This function calls:
		_eeprom_write
 This function is called by:
		_main
 This function uses a non-reentrant model


 *************** function _eeprom_write *****************
 Defined at:
		line 7 in file "/opt/microchip/xc8/v1.20/sources/pic/eewrite.c"
 Parameters:    Size  Location     Type
  addr            1    wreg     unsigned char 
  value           1    5[BANK1 ] unsigned char 
 Auto vars:     Size  Location     Type
  addr            1    7[BANK1 ] unsigned char 
 Return value:  Size  Location     Type
		None               void
 Registers used:
		wreg, status,2, status,0
 Tracked objects:
		On entry : 
		On exit  : 
		Unchanged: 
 Data sizes:     COMMON   BANK0   BANK1   BANK3   BANK2
      Params:         0       0       1       0       0
      Locals:         0       0       1       0       0
      Temps:          0       0       1       0       0
      Totals:         0       0       3       0       0
Total ram usage:        3 bytes
 Hardware stack levels used:    1
 Hardware stack levels required when called:    6
 This function calls:
		Nothing
 This function is called by:
		_main
		_eeprom_gravar_word
 This function uses a non-reentrant model


 *************** function _eeprom_read *****************
 Defined at:
		line 7 in file "/opt/microchip/xc8/v1.20/sources/pic/eeread.c"
 Parameters:    Size  Location     Type
  addr            1    wreg     unsigned char 
 Auto vars:     Size  Location     Type
  addr            1    6[BANK1 ] unsigned char 
 Return value:  Size  Location     Type
                  1    wreg      unsigned char 
 Registers used:
		wreg, status,2, status,0
 Tracked objects:
		On entry : 
		On exit  : 
		Unchanged: 
 Data sizes:     COMMON   BANK0   BANK1   BANK3   BANK2
      Params:         0       0       0       0       0
      Locals:         0       0       1       0       0
      Temps:          0       0       1       0       0
      Totals:         0       0       2       0       0
Total ram usage:        2 bytes
 Hardware stack levels used:    1
 Hardware stack levels required when called:    6
 This function calls:
		Nothing
 This function is called by:
		_main
 This function uses a non-reentrant model


 *************** function _lcd_goto *****************
 Defined at:
		line 46 in file "lcd.c"
 Parameters:    Size  Location     Type
  y               1    wreg     unsigned char 
  x               1    7[BANK1 ] unsigned char 
 Auto vars:     Size  Location     Type
  y               1    9[BANK1 ] unsigned char 
 Return value:  Size  Location     Type
		None               void
 Registers used:
		wreg, fsr0l, fsr0h, status,2, status,0, pclath, cstack
 Tracked objects:
		On entry : 
		On exit  : 
		Unchanged: 
 Data sizes:     COMMON   BANK0   BANK1   BANK3   BANK2
      Params:         0       0       1       0       0
      Locals:         0       0       1       0       0
      Temps:          0       0       1       0       0
      Totals:         0       0       3       0       0
Total ram usage:        3 bytes
 Hardware stack levels used:    1
 Hardware stack levels required when called:    7
 This function calls:
		_lcd_write
 This function is called by:
		_main
		_mq_mostra
 This function uses a non-reentrant model


 *************** function _lcd_puts *****************
 Defined at:
		line 60 in file "lcd.c"
 Parameters:    Size  Location     Type
  str             2    7[BANK1 ] PTR const unsigned char 
		 -> STR_46(11), STR_43(12), STR_41(12), estado_executa_muda@tmp(17), 
		 -> STR_40(14), STR_39(7), STR_38(7), STR_37(7), 
		 -> STR_36(6), STR_35(7), STR_34(7), STR_33(6), 
		 -> STR_32(11), STR_31(11), STR_30(11), STR_29(9), 
		 -> STR_28(15), STR_27(14), STR_26(7), STR_25(8), 
		 -> STR_24(10), STR_23(15), STR_22(9), mq_mostra@temp_str(16), 
		 -> STR_20(11), STR_19(11), STR_18(11), STR_17(9), 
		 -> adcon_mostra@temp_str(9), STR_15(14), STR_14(11), STR_13(11), 
		 -> STR_12(11), STR_11(9), STR_10(7), STR_9(7), 
		 -> STR_8(7), STR_7(6), STR_6(7), STR_5(7), 
		 -> STR_4(6), STR_3(11), STR_2(2), STR_1(14), 
 Auto vars:     Size  Location     Type
  cmd             1   11[BANK1 ] unsigned char 
 Return value:  Size  Location     Type
		None               void
 Registers used:
		wreg, fsr0l, fsr0h, status,2, status,0, btemp+1, pclath, cstack
 Tracked objects:
		On entry : 
		On exit  : 
		Unchanged: 
 Data sizes:     COMMON   BANK0   BANK1   BANK3   BANK2
      Params:         0       0       2       0       0
      Locals:         0       0       1       0       0
      Temps:          0       0       2       0       0
      Totals:         0       0       5       0       0
Total ram usage:        5 bytes
 Hardware stack levels used:    1
 Hardware stack levels required when called:    7
 This function calls:
		_lcd_write
 This function is called by:
		_main
		_mq_mostra
 This function uses a non-reentrant model


 *************** function _lcd_init *****************
 Defined at:
		line 94 in file "lcd.c"
 Parameters:    Size  Location     Type
		None
 Auto vars:     Size  Location     Type
		None
 Return value:  Size  Location     Type
		None               void
 Registers used:
		wreg, status,2, status,0, pclath, cstack
 Tracked objects:
		On entry : 
		On exit  : 
		Unchanged: 
 Data sizes:     COMMON   BANK0   BANK1   BANK3   BANK2
      Params:         0       0       0       0       0
      Locals:         0       0       0       0       0
      Temps:          0       0       0       0       0
      Totals:         0       0       0       0       0
Total ram usage:        0 bytes
 Hardware stack levels used:    1
 Hardware stack levels required when called:    7
 This function calls:
		_lcd_write
 This function is called by:
		_main
 This function uses a non-reentrant model


 *************** function _lcd_write *****************
 Defined at:
		line 13 in file "lcd.c"
 Parameters:    Size  Location     Type
  c               1    wreg     unsigned char 
 Auto vars:     Size  Location     Type
  c               1    6[BANK1 ] unsigned char 
 Return value:  Size  Location     Type
		None               void
 Registers used:
		wreg
 Tracked objects:
		On entry : 
		On exit  : 
		Unchanged: 
 Data sizes:     COMMON   BANK0   BANK1   BANK3   BANK2
      Params:         0       0       0       0       0
      Locals:         0       0       1       0       0
      Temps:          0       0       1       0       0
      Totals:         0       0       2       0       0
Total ram usage:        2 bytes
 Hardware stack levels used:    1
 Hardware stack levels required when called:    6
 This function calls:
		Nothing
 This function is called by:
		_lcd_goto
		_lcd_puts
		_lcd_init
 This function uses a non-reentrant model


 *************** function _rs232_init *****************
 Defined at:
		line 8 in file "rs232.c"
 Parameters:    Size  Location     Type
		None
 Auto vars:     Size  Location     Type
		None
 Return value:  Size  Location     Type
		None               void
 Registers used:
		wreg
 Tracked objects:
		On entry : 
		On exit  : 
		Unchanged: 
 Data sizes:     COMMON   BANK0   BANK1   BANK3   BANK2
      Params:         0       0       0       0       0
      Locals:         0       0       0       0       0
      Temps:          0       0       0       0       0
      Totals:         0       0       0       0       0
Total ram usage:        0 bytes
 Hardware stack levels used:    1
 Hardware stack levels required when called:    6
 This function calls:
		Nothing
 This function is called by:
		_main
 This function uses a non-reentrant model


 *************** function _btns_init *****************
 Defined at:
		line 25 in file "botoes.c"
 Parameters:    Size  Location     Type
		None
 Auto vars:     Size  Location     Type
		None
 Return value:  Size  Location     Type
		None               void
 Registers used:
		wreg
 Tracked objects:
		On entry : 
		On exit  : 
		Unchanged: 
 Data sizes:     COMMON   BANK0   BANK1   BANK3   BANK2
      Params:         0       0       0       0       0
      Locals:         0       0       0       0       0
      Temps:          0       0       0       0       0
      Totals:         0       0       0       0       0
Total ram usage:        0 bytes
 Hardware stack levels used:    1
 Hardware stack levels required when called:    6
 This function calls:
		Nothing
 This function is called by:
		_main
 This function uses a non-reentrant model


 *************** function _handler *****************
 Defined at:
		line 14 in file "handler.c"
 Parameters:    Size  Location     Type
		None
 Auto vars:     Size  Location     Type
  pos_taxa        2    2[BANK1 ] unsigned int 
  tempo_amostr    2    0[BANK1 ] unsigned int 
  option          1    4[BANK1 ] unsigned char 
 Return value:  Size  Location     Type
		None               void
 Registers used:
		wreg, fsr0l, fsr0h, status,2, status,0, btemp+1, pclath, cstack
 Tracked objects:
		On entry : 
		On exit  : 
		Unchanged: 
 Data sizes:     COMMON   BANK0   BANK1   BANK3   BANK2
      Params:         0       0       0       0       0
      Locals:         0       0       5       0       0
      Temps:          0       5       0       0       0
      Totals:         0       5       5       0       0
Total ram usage:       10 bytes
 Hardware stack levels used:    1
 Hardware stack levels required when called:    5
 This function calls:
		_btns_testa
		_rs232_transmite
		_eeprom_ler_word
		_adcon_captura_grava
		_estado_maquina
 This function is called by:
		Interrupt level 1
 This function uses a non-reentrant model


 *************** function _estado_maquina *****************
 Defined at:
		line 38 in file "estados.c"
 Parameters:    Size  Location     Type
  op              1    wreg     unsigned char 
 Auto vars:     Size  Location     Type
  op              1   72[BANK0 ] unsigned char 
 Return value:  Size  Location     Type
		None               void
 Registers used:
		wreg, fsr0l, fsr0h, status,2, status,0, btemp+1, pclath, cstack
 Tracked objects:
		On entry : 
		On exit  : 
		Unchanged: 
 Data sizes:     COMMON   BANK0   BANK1   BANK3   BANK2
      Params:         0       0       0       0       0
      Locals:         0       1       0       0       0
      Temps:          0       0       0       0       0
      Totals:         0       1       0       0       0
Total ram usage:        1 bytes
 Hardware stack levels used:    1
 Hardware stack levels required when called:    4
 This function calls:
		_estado_inicial
		_estado_menu_principal
		_estado_captura_mostra
		_estado_ver_todos
		_estado_max_min
		_estado_menu_limpar
		_estado_menu_conf_tempo_amostra
		_estado_menu_conf_quant_sensores
 This function is called by:
		_handler
 This function uses a non-reentrant model


 *************** function _estado_menu_conf_quant_sensores *****************
 Defined at:
		line 326 in file "estados.c"
 Parameters:    Size  Location     Type
  opt             1    wreg     unsigned char 
 Auto vars:     Size  Location     Type
  opt             1   59[BANK0 ] unsigned char 
 Return value:  Size  Location     Type
		None               void
 Registers used:
		wreg, fsr0l, fsr0h, status,2, status,0, btemp+1, pclath, cstack
 Tracked objects:
		On entry : 
		On exit  : 
		Unchanged: 
 Data sizes:     COMMON   BANK0   BANK1   BANK3   BANK2
      Params:         0       0       0       0       0
      Locals:         0       1       0       0       0
      Temps:          0       1       0       0       0
      Totals:         0       2       0       0       0
Total ram usage:        2 bytes
 Hardware stack levels used:    1
 Hardware stack levels required when called:    3
 This function calls:
		_estado_executa_muda
		i1_eeprom_write
 This function is called by:
		_estado_maquina
 This function uses a non-reentrant model


 *************** function _estado_menu_conf_tempo_amostra *****************
 Defined at:
		line 287 in file "estados.c"
 Parameters:    Size  Location     Type
  opt             1    wreg     unsigned char 
 Auto vars:     Size  Location     Type
  opt             1   58[BANK0 ] unsigned char 
 Return value:  Size  Location     Type
		None               void
 Registers used:
		wreg, fsr0l, fsr0h, status,2, status,0, btemp+1, pclath, cstack
 Tracked objects:
		On entry : 
		On exit  : 
		Unchanged: 
 Data sizes:     COMMON   BANK0   BANK1   BANK3   BANK2
      Params:         0       0       0       0       0
      Locals:         0       1       0       0       0
      Temps:          0       0       0       0       0
      Totals:         0       1       0       0       0
Total ram usage:        1 bytes
 Hardware stack levels used:    1
 Hardware stack levels required when called:    3
 This function calls:
		_estado_executa_muda
		i1_eeprom_gravar_word
 This function is called by:
		_estado_maquina
 This function uses a non-reentrant model


 *************** function _estado_menu_limpar *****************
 Defined at:
		line 103 in file "estados.c"
 Parameters:    Size  Location     Type
  opt             1    wreg     unsigned char 
 Auto vars:     Size  Location     Type
  opt             1   58[BANK0 ] unsigned char 
 Return value:  Size  Location     Type
		None               void
 Registers used:
		wreg, fsr0l, fsr0h, status,2, status,0, btemp+1, pclath, cstack
 Tracked objects:
		On entry : 
		On exit  : 
		Unchanged: 
 Data sizes:     COMMON   BANK0   BANK1   BANK3   BANK2
      Params:         0       0       0       0       0
      Locals:         0       1       0       0       0
      Temps:          0       0       0       0       0
      Totals:         0       1       0       0       0
Total ram usage:        1 bytes
 Hardware stack levels used:    1
 Hardware stack levels required when called:    3
 This function calls:
		_estado_executa_muda
 This function is called by:
		_estado_maquina
 This function uses a non-reentrant model


 *************** function _estado_max_min *****************
 Defined at:
		line 277 in file "estados.c"
 Parameters:    Size  Location     Type
  opt             1    wreg     unsigned char 
 Auto vars:     Size  Location     Type
  opt             1   58[BANK0 ] unsigned char 
 Return value:  Size  Location     Type
		None               void
 Registers used:
		wreg, fsr0l, fsr0h, status,2, status,0, btemp+1, pclath, cstack
 Tracked objects:
		On entry : 
		On exit  : 
		Unchanged: 
 Data sizes:     COMMON   BANK0   BANK1   BANK3   BANK2
      Params:         0       0       0       0       0
      Locals:         0       1       0       0       0
      Temps:          0       0       0       0       0
      Totals:         0       1       0       0       0
Total ram usage:        1 bytes
 Hardware stack levels used:    1
 Hardware stack levels required when called:    3
 This function calls:
		_estado_executa_muda
 This function is called by:
		_estado_maquina
 This function uses a non-reentrant model


 *************** function _estado_ver_todos *****************
 Defined at:
		line 251 in file "estados.c"
 Parameters:    Size  Location     Type
  opt             1    wreg     unsigned char 
 Auto vars:     Size  Location     Type
  opt             1   59[BANK0 ] unsigned char 
 Return value:  Size  Location     Type
		None               void
 Registers used:
		wreg, fsr0l, fsr0h, status,2, status,0, btemp+1, pclath, cstack
 Tracked objects:
		On entry : 
		On exit  : 
		Unchanged: 
 Data sizes:     COMMON   BANK0   BANK1   BANK3   BANK2
      Params:         0       0       0       0       0
      Locals:         0       1       0       0       0
      Temps:          0       1       0       0       0
      Totals:         0       2       0       0       0
Total ram usage:        2 bytes
 Hardware stack levels used:    1
 Hardware stack levels required when called:    3
 This function calls:
		_estado_executa_muda
		___lbdiv
		i1_eeprom_read
 This function is called by:
		_estado_maquina
 This function uses a non-reentrant model


 *************** function ___lbdiv *****************
 Defined at:
		line 5 in file "/opt/microchip/xc8/v1.20/sources/pic/lbdiv.c"
 Parameters:    Size  Location     Type
  dividend        1    wreg     unsigned char 
  divisor         1    2[COMMON] unsigned char 
 Auto vars:     Size  Location     Type
  dividend        1    4[COMMON] unsigned char 
  quotient        1    6[COMMON] unsigned char 
  counter         1    5[COMMON] unsigned char 
 Return value:  Size  Location     Type
                  1    wreg      unsigned char 
 Registers used:
		wreg, status,2, status,0
 Tracked objects:
		On entry : 
		On exit  : 
		Unchanged: 
 Data sizes:     COMMON   BANK0   BANK1   BANK3   BANK2
      Params:         1       0       0       0       0
      Locals:         3       0       0       0       0
      Temps:          1       0       0       0       0
      Totals:         5       0       0       0       0
Total ram usage:        5 bytes
 Hardware stack levels used:    1
 This function calls:
		Nothing
 This function is called by:
		_estado_ver_todos
 This function uses a non-reentrant model


 *************** function _estado_captura_mostra *****************
 Defined at:
		line 113 in file "estados.c"
 Parameters:    Size  Location     Type
  opt             1    wreg     unsigned char 
 Auto vars:     Size  Location     Type
  opt             1   58[BANK0 ] unsigned char 
 Return value:  Size  Location     Type
		None               void
 Registers used:
		wreg, fsr0l, fsr0h, status,2, status,0, btemp+1, pclath, cstack
 Tracked objects:
		On entry : 
		On exit  : 
		Unchanged: 
 Data sizes:     COMMON   BANK0   BANK1   BANK3   BANK2
      Params:         0       0       0       0       0
      Locals:         0       1       0       0       0
      Temps:          0       0       0       0       0
      Totals:         0       1       0       0       0
Total ram usage:        1 bytes
 Hardware stack levels used:    1
 Hardware stack levels required when called:    3
 This function calls:
		_estado_executa_muda
 This function is called by:
		_estado_maquina
 This function uses a non-reentrant model


 *************** function _estado_menu_principal *****************
 Defined at:
		line 124 in file "estados.c"
 Parameters:    Size  Location     Type
  opt             1    wreg     unsigned char 
 Auto vars:     Size  Location     Type
  opt             1   64[BANK0 ] unsigned char 
  i               1   69[BANK0 ] unsigned char 
  i               1   68[BANK0 ] unsigned char 
  t_int           2   70[BANK0 ] unsigned int 
  menor           2   62[BANK0 ] unsigned int 
  maior           2   60[BANK0 ] unsigned int 
  qtd_val         1   67[BANK0 ] unsigned char 
  qtd_sens        1   66[BANK0 ] unsigned char 
  posicao         1   65[BANK0 ] unsigned char 
 Return value:  Size  Location     Type
		None               void
 Registers used:
		wreg, fsr0l, fsr0h, status,2, status,0, btemp+1, pclath, cstack
 Tracked objects:
		On entry : 
		On exit  : 
		Unchanged: 
 Data sizes:     COMMON   BANK0   BANK1   BANK3   BANK2
      Params:         0       0       0       0       0
      Locals:         0      12       0       0       0
      Temps:          0       2       0       0       0
      Totals:         0      14       0       0       0
Total ram usage:       14 bytes
 Hardware stack levels used:    1
 Hardware stack levels required when called:    3
 This function calls:
		_lcd_clear
		_eeprom_ler_word
		_adcon_ler_canal
		_adcon_mostra
		_estado_executa_muda
		___bmul
		i1_lcd_puts
		i1_eeprom_gravar_word
		i1_eeprom_read
		i1_eeprom_write
 This function is called by:
		_estado_maquina
 This function uses a non-reentrant model


 *************** function _estado_inicial *****************
 Defined at:
		line 95 in file "estados.c"
 Parameters:    Size  Location     Type
  opt             1    wreg     unsigned char 
 Auto vars:     Size  Location     Type
  opt             1    0[COMMON] unsigned char 
 Return value:  Size  Location     Type
		None               void
 Registers used:
		wreg, fsr0l, fsr0h, status,2, status,0, btemp+1, pclath, cstack
 Tracked objects:
		On entry : 
		On exit  : 
		Unchanged: 
 Data sizes:     COMMON   BANK0   BANK1   BANK3   BANK2
      Params:         0       0       0       0       0
      Locals:         0       0       0       0       0
      Temps:          0       0       0       0       0
      Totals:         0       0       0       0       0
Total ram usage:        0 bytes
 Hardware stack levels used:    1
 Hardware stack levels required when called:    3
 This function calls:
		_estado_executa_muda
 This function is called by:
		_estado_maquina
 This function uses a non-reentrant model


 *************** function _estado_executa_muda *****************
 Defined at:
		line 357 in file "estados.c"
 Parameters:    Size  Location     Type
  novo_estado     1    wreg     enum E1660
 Auto vars:     Size  Location     Type
  novo_estado     1   45[BANK0 ] enum E1660
  i               1   57[BANK0 ] unsigned char 
  i               1   56[BANK0 ] unsigned char 
  tmp            17   24[BANK0 ] unsigned char [17]
  menor           2   50[BANK0 ] unsigned int 
  maior           2   48[BANK0 ] unsigned int 
  temp_int        2   43[BANK0 ] unsigned int 
  endereco        1   47[BANK0 ] unsigned char 
  qtd_sens        1   46[BANK0 ] unsigned char 
  posicao         1   42[BANK0 ] unsigned char 
  qtd_val         1   41[BANK0 ] unsigned char 
 Return value:  Size  Location     Type
		None               void
 Registers used:
		wreg, fsr0l, fsr0h, status,2, status,0, btemp+1, pclath, cstack
 Tracked objects:
		On entry : 
		On exit  : 
		Unchanged: 
 Data sizes:     COMMON   BANK0   BANK1   BANK3   BANK2
      Params:         0       0       0       0       0
      Locals:         0      34       0       0       0
      Temps:          0       4       0       0       0
      Totals:         0      38       0       0       0
Total ram usage:       38 bytes
 Hardware stack levels used:    1
 Hardware stack levels required when called:    2
 This function calls:
		_lcd_clear
		_eeprom_ler_word
		_sprintf
		___bmul
		___lwdiv
		___lwmod
		i1_lcd_goto
		i1_lcd_puts
		i1_eeprom_gravar_word
		i1_eeprom_read
		i1_eeprom_write
 This function is called by:
		_estado_inicial
		_estado_menu_limpar
		_estado_captura_mostra
		_estado_menu_principal
		_estado_ver_todos
		_estado_max_min
		_estado_menu_conf_tempo_amostra
		_estado_menu_conf_quant_sensores
		_estado_enviar_dados
 This function uses a non-reentrant model


 *************** function _adcon_captura_grava *****************
 Defined at:
		line 18 in file "adcon.c"
 Parameters:    Size  Location     Type
		None
 Auto vars:     Size  Location     Type
  i               1   52[BANK0 ] unsigned char 
  x               2   46[BANK0 ] unsigned int 
  i               1   51[BANK0 ] unsigned char 
  t_int           2   53[BANK0 ] unsigned int 
  menor           2   44[BANK0 ] unsigned int 
  maior           2   42[BANK0 ] unsigned int 
  qtd_val         1   50[BANK0 ] unsigned char 
  qtd_sens        1   49[BANK0 ] unsigned char 
  posicao         1   48[BANK0 ] unsigned char 
 Return value:  Size  Location     Type
		None               void
 Registers used:
		wreg, fsr0l, fsr0h, status,2, status,0, btemp+1, pclath, cstack
 Tracked objects:
		On entry : 
		On exit  : 
		Unchanged: 
 Data sizes:     COMMON   BANK0   BANK1   BANK3   BANK2
      Params:         0       0       0       0       0
      Locals:         0      13       0       0       0
      Temps:          0       2       0       0       0
      Totals:         0      15       0       0       0
Total ram usage:       15 bytes
 Hardware stack levels used:    1
 Hardware stack levels required when called:    3
 This function calls:
		_lcd_clear
		_eeprom_ler_word
		_adcon_ler_canal
		_adcon_mostra
		___bmul
		i1_lcd_puts
		i1_eeprom_gravar_word
		i1_eeprom_read
		i1_eeprom_write
 This function is called by:
		_handler
 This function uses a non-reentrant model


 *************** function i1_eeprom_gravar_word *****************
 Defined at:
		line 23 in file "eeprom.c"
 Parameters:    Size  Location     Type
  eeprom_grava    1    wreg     unsigned char 
  eeprom_grava    2    3[COMMON] unsigned int 
 Auto vars:     Size  Location     Type
  eeprom_grava    1    6[COMMON] unsigned char 
 Return value:  Size  Location     Type
		None               void
 Registers used:
		wreg, status,2, status,0, pclath, cstack
 Tracked objects:
		On entry : 
		On exit  : 
		Unchanged: 
 Data sizes:     COMMON   BANK0   BANK1   BANK3   BANK2
      Params:         2       0       0       0       0
      Locals:         1       0       0       0       0
      Temps:          1       0       0       0       0
      Totals:         4       0       0       0       0
Total ram usage:        4 bytes
 Hardware stack levels used:    1
 Hardware stack levels required when called:    1
 This function calls:
		i1_eeprom_write
 This function is called by:
		_adcon_captura_grava
		_estado_menu_principal
		_estado_menu_conf_tempo_amostra
		_estado_executa_muda
 This function uses a non-reentrant model


 *************** function i1_eeprom_write *****************
 Defined at:
		line 7 in file "/opt/microchip/xc8/v1.20/sources/pic/eewrite.c"
 Parameters:    Size  Location     Type
[...]
      Params:         1       0       0       0       0
      Locals:         1       0       0       0       0
      Temps:          1       0       0       0       0
      Totals:         3       0       0       0       0
Total ram usage:        3 bytes
 Hardware stack levels used:    1
 Hardware stack levels required when called:    1
 This function calls:
		i1_lcd_write
 This function is called by:
		_adcon_mostra
		_estado_executa_muda
 This function uses a non-reentrant model


 *************** function _sprintf *****************
 Defined at:
		line 493 in file "/opt/microchip/xc8/v1.20/sources/common/doprnt.c"
 Parameters:    Size  Location     Type
  sp              1    wreg     PTR unsigned char 
		 -> estado_executa_muda@tmp(17), mq_mostra@temp_str(16), adcon_mostra@temp_str(9), 
  f               2    0[BANK0 ] PTR const unsigned char 
		 -> STR_45(10), STR_44(10), STR_42(9), STR_21(7), 
		 -> STR_16(9), 
 Auto vars:     Size  Location     Type
  sp              1   18[BANK0 ] PTR unsigned char 
		 -> estado_executa_muda@tmp(17), mq_mostra@temp_str(16), adcon_mostra@temp_str(9), 
  _val            4   14[BANK0 ] struct .
  c               1   19[BANK0 ] char 
  flag            1   13[BANK0 ] unsigned char 
  ap              1   12[BANK0 ] PTR void [1]
		 -> ?_sprintf(2), 
  prec            1   11[BANK0 ] char 
 Return value:  Size  Location     Type
                  2    0[BANK0 ] int 
 Registers used:
		wreg, fsr0l, fsr0h, status,2, status,0, btemp+1, pclath, cstack
 Tracked objects:
		On entry : 
		On exit  : 
		Unchanged: 
 Data sizes:     COMMON   BANK0   BANK1   BANK3   BANK2
      Params:         0       8       0       0       0
      Locals:         0       9       0       0       0
      Temps:          0       3       0       0       0
      Totals:         0      20       0       0       0
Total ram usage:       20 bytes
 Hardware stack levels used:    1
 Hardware stack levels required when called:    1
 This function calls:
		___lwdiv
		___lwmod
 This function is called by:
		_adcon_mostra
		_estado_executa_muda
		_mq_mostra
 This function uses a non-reentrant model


 *************** function ___lwmod *****************
 Defined at:
		line 5 in file "/opt/microchip/xc8/v1.20/sources/pic/lwmod.c"
 Parameters:    Size  Location     Type
  divisor         2    8[COMMON] unsigned int 
  dividend        2   10[COMMON] unsigned int 
 Auto vars:     Size  Location     Type
  counter         1   13[COMMON] unsigned char 
 Return value:  Size  Location     Type
                  2    8[COMMON] unsigned int 
 Registers used:
		wreg, status,2, status,0
 Tracked objects:
		On entry : 
		On exit  : 
		Unchanged: 
 Data sizes:     COMMON   BANK0   BANK1   BANK3   BANK2
      Params:         4       0       0       0       0
      Locals:         1       0       0       0       0
      Temps:          1       0       0       0       0
      Totals:         6       0       0       0       0
Total ram usage:        6 bytes
 Hardware stack levels used:    1
 This function calls:
		Nothing
 This function is called by:
		_estado_executa_muda
		_sprintf
 This function uses a non-reentrant model


 *************** function ___lwdiv *****************
 Defined at:
		line 5 in file "/opt/microchip/xc8/v1.20/sources/pic/lwdiv.c"
 Parameters:    Size  Location     Type
  divisor         2    0[COMMON] unsigned int 
  dividend        2    2[COMMON] unsigned int 
 Auto vars:     Size  Location     Type
  quotient        2    5[COMMON] unsigned int 
  counter         1    7[COMMON] unsigned char 
 Return value:  Size  Location     Type
                  2    0[COMMON] unsigned int 
 Registers used:
		wreg, status,2, status,0
 Tracked objects:
		On entry : 
		On exit  : 
		Unchanged: 
 Data sizes:     COMMON   BANK0   BANK1   BANK3   BANK2
      Params:         4       0       0       0       0
      Locals:         3       0       0       0       0
      Temps:          1       0       0       0       0
      Totals:         8       0       0       0       0
Total ram usage:        8 bytes
 Hardware stack levels used:    1
 This function calls:
		Nothing
 This function is called by:
		_estado_executa_muda
		_sprintf
 This function uses a non-reentrant model


 *************** function _div *****************
 Defined at:
		line 5 in file "/opt/microchip/xc8/v1.20/sources/common/cdiv.c"
 Parameters:    Size  Location     Type
  number          2    9[COMMON] int 
  denom           2   11[COMMON] int 
 Auto vars:     Size  Location     Type
  rv              4    0[BANK0 ] struct .
 Return value:  Size  Location     Type
                  4    9[COMMON] struct .
 Registers used:
		wreg, status,2, status,0, pclath, cstack
 Tracked objects:
		On entry : 
		On exit  : 
		Unchanged: 
 Data sizes:     COMMON   BANK0   BANK1   BANK3   BANK2
      Params:         4       0       0       0       0
      Locals:         0       4       0       0       0
      Temps:          0       0       0       0       0
      Totals:         4       4       0       0       0
Total ram usage:        8 bytes
 Hardware stack levels used:    1
 Hardware stack levels required when called:    1
 This function calls:
		___awdiv
		___awmod
 This function is called by:
		_adcon_mostra
 This function uses a non-reentrant model


 *************** function ___awmod *****************
 Defined at:
		line 5 in file "/opt/microchip/xc8/v1.20/sources/pic/awmod.c"
 Parameters:    Size  Location     Type
  divisor         2    0[COMMON] int 
  dividend        2    2[COMMON] int 
 Auto vars:     Size  Location     Type
  sign            1    6[COMMON] unsigned char 
  counter         1    5[COMMON] unsigned char 
 Return value:  Size  Location     Type
                  2    0[COMMON] int 
 Registers used:
		wreg, status,2, status,0
 Tracked objects:
		On entry : 
		On exit  : 
		Unchanged: 
 Data sizes:     COMMON   BANK0   BANK1   BANK3   BANK2
      Params:         4       0       0       0       0
      Locals:         2       0       0       0       0
      Temps:          1       0       0       0       0
      Totals:         7       0       0       0       0
Total ram usage:        7 bytes
 Hardware stack levels used:    1
 This function calls:
		Nothing
 This function is called by:
		_div
 This function uses a non-reentrant model


 *************** function ___awdiv *****************
 Defined at:
		line 5 in file "/opt/microchip/xc8/v1.20/sources/pic/awdiv.c"
 Parameters:    Size  Location     Type
  divisor         2    0[COMMON] int 
  dividend        2    2[COMMON] int 
 Auto vars:     Size  Location     Type
  quotient        2    7[COMMON] int 
  sign            1    6[COMMON] unsigned char 
  counter         1    5[COMMON] unsigned char 
 Return value:  Size  Location     Type
                  2    0[COMMON] int 
 Registers used:
		wreg, status,2, status,0
 Tracked objects:
		On entry : 
		On exit  : 
		Unchanged: 
 Data sizes:     COMMON   BANK0   BANK1   BANK3   BANK2
      Params:         4       0       0       0       0
      Locals:         4       0       0       0       0
      Temps:          1       0       0       0       0
      Totals:         9       0       0       0       0
Total ram usage:        9 bytes
 Hardware stack levels used:    1
 This function calls:
		Nothing
 This function is called by:
		_div
 This function uses a non-reentrant model


 *************** function _adcon_ler_canal *****************
 Defined at:
		line 79 in file "adcon.c"
 Parameters:    Size  Location     Type
  cnl             1    wreg     unsigned char 
 Auto vars:     Size  Location     Type
  cnl             1    6[COMMON] unsigned char 
  i               2   11[COMMON] unsigned int 
  acc             4    7[COMMON] unsigned long 
 Return value:  Size  Location     Type
                  2    0[COMMON] unsigned int 
 Registers used:
		wreg, fsr0l, fsr0h, status,2, status,0, btemp+1, pclath
 Tracked objects:
		On entry : 
		On exit  : 
		Unchanged: 
 Data sizes:     COMMON   BANK0   BANK1   BANK3   BANK2
      Params:         2       0       0       0       0
      Locals:         7       0       0       0       0
      Temps:          4       0       0       0       0
      Totals:        13       0       0       0       0
Total ram usage:       13 bytes
 Hardware stack levels used:    2
 This function calls:
		Nothing
 This function is called by:
		_adcon_captura_grava
		_estado_menu_principal
		_mq6_calibrar
 This function uses a non-reentrant model


 *************** function _eeprom_ler_word *****************
 Defined at:
		line 4 in file "eeprom.c"
 Parameters:    Size  Location     Type
  end             1    wreg     unsigned char 
 Auto vars:     Size  Location     Type
  end             1    6[COMMON] unsigned char 
  temp_int        2    7[COMMON] unsigned int 
 Return value:  Size  Location     Type
                  2    2[COMMON] unsigned int 
 Registers used:
		wreg, status,2, status,0, btemp+1, pclath, cstack
 Tracked objects:
		On entry : 
		On exit  : 
		Unchanged: 
 Data sizes:     COMMON   BANK0   BANK1   BANK3   BANK2
      Params:         2       0       0       0       0
      Locals:         3       0       0       0       0
      Temps:          2       0       0       0       0
      Totals:         7       0       0       0       0
Total ram usage:        7 bytes
 Hardware stack levels used:    1
 Hardware stack levels required when called:    1
 This function calls:
		i1_eeprom_read
 This function is called by:
		_handler
		_adcon_captura_grava
		_estado_menu_principal
		_estado_executa_muda
 This function uses a non-reentrant model


 *************** function i1_eeprom_read *****************
 Defined at:
		line 7 in file "/opt/microchip/xc8/v1.20/sources/pic/eeread.c"
 Parameters:    Size  Location     Type
  eeprom_read     1    wreg     unsigned char 
 Auto vars:     Size  Location     Type
  eeprom_read     1    1[COMMON] unsigned char 
 Return value:  Size  Location     Type
                  1    wreg      unsigned char 
 Registers used:
		wreg, status,2, status,0
 Tracked objects:
		On entry : 
		On exit  : 
		Unchanged: 
 Data sizes:     COMMON   BANK0   BANK1   BANK3   BANK2
      Params:         0       0       0       0       0
      Locals:         1       0       0       0       0
      Temps:          1       0       0       0       0
      Totals:         2       0       0       0       0
Total ram usage:        2 bytes
 Hardware stack levels used:    1
 This function calls:
		Nothing
 This function is called by:
		_adcon_captura_grava
		_eeprom_ler_word
		_rs232_transmite
		_estado_menu_principal
		_estado_ver_todos
		_estado_executa_muda
 This function uses a non-reentrant model


 *************** function _lcd_clear *****************
 Defined at:
		line 39 in file "lcd.c"
 Parameters:    Size  Location     Type
		None
 Auto vars:     Size  Location     Type
		None
 Return value:  Size  Location     Type
		None               void
 Registers used:
		wreg, status,2, status,0, pclath, cstack
 Tracked objects:
		On entry : 
		On exit  : 
		Unchanged: 
 Data sizes:     COMMON   BANK0   BANK1   BANK3   BANK2
      Params:         0       0       0       0       0
      Locals:         0       0       0       0       0
      Temps:          2       0       0       0       0
      Totals:         2       0       0       0       0
Total ram usage:        2 bytes
 Hardware stack levels used:    1
 Hardware stack levels required when called:    1
 This function calls:
		i1_lcd_write
 This function is called by:
		_adcon_captura_grava
		_estado_menu_principal
		_estado_executa_muda
		_mq_mostra
 This function uses a non-reentrant model


 *************** function i1_lcd_write *****************
 Defined at:
		line 13 in file "lcd.c"
 Parameters:    Size  Location     Type
  lcd_write       1    wreg     unsigned char 
 Auto vars:     Size  Location     Type
  lcd_write       1    1[COMMON] unsigned char 
 Return value:  Size  Location     Type
		None               void
 Registers used:
		wreg
 Tracked objects:
		On entry : 
		On exit  : 
		Unchanged: 
 Data sizes:     COMMON   BANK0   BANK1   BANK3   BANK2
      Params:         0       0       0       0       0
      Locals:         1       0       0       0       0
      Temps:          1       0       0       0       0
      Totals:         2       0       0       0       0
Total ram usage:        2 bytes
 Hardware stack levels used:    1
 This function calls:
		Nothing
 This function is called by:
		_lcd_clear
		i1_lcd_goto
		i1_lcd_puts
 This function uses a non-reentrant model


 *************** function _rs232_transmite *****************
 Defined at:
		line 26 in file "rs232.c"
 Parameters:    Size  Location     Type
		None
 Auto vars:     Size  Location     Type
  i               1   10[COMMON] unsigned char 
  x               1    9[COMMON] unsigned char 
  qtd_bytes       1    8[COMMON] unsigned char 
  qtd_sens        1    7[COMMON] unsigned char 
  qtd_val         1    6[COMMON] unsigned char 
 Return value:  Size  Location     Type
                  1    wreg      unsigned char 
 Registers used:
		wreg, fsr0l, fsr0h, status,2, status,0, btemp+1, pclath, cstack
 Tracked objects:
		On entry : 
		On exit  : 
		Unchanged: 
 Data sizes:     COMMON   BANK0   BANK1   BANK3   BANK2
      Params:         0       0       0       0       0
      Locals:         5       0       0       0       0
      Temps:          2       0       0       0       0
      Totals:         7       0       0       0       0
Total ram usage:        7 bytes
 Hardware stack levels used:    1
 Hardware stack levels required when called:    1
 This function calls:
		___bmul
		i1_eeprom_read
 This function is called by:
		_handler
 This function uses a non-reentrant model


 *************** function _btns_testa *****************
 Defined at:
		line 7 in file "botoes.c"
 Parameters:    Size  Location     Type
		None
 Auto vars:     Size  Location     Type
		None
 Return value:  Size  Location     Type
                  1    wreg      unsigned char 
 Registers used:
		wreg
 Tracked objects:
		On entry : 
		On exit  : 
		Unchanged: 
 Data sizes:     COMMON   BANK0   BANK1   BANK3   BANK2
      Params:         0       0       0       0       0
      Locals:         0       0       0       0       0
      Temps:          3       0       0       0       0
      Totals:         3       0       0       0       0
Total ram usage:        3 bytes
 Hardware stack levels used:    1
 This function calls:
		Nothing
 This function is called by:
		_handler
 This function uses a non-reentrant model


 *************** function ___bmul *****************
 Defined at:
		line 3 in file "/opt/microchip/xc8/v1.20/sources/pic/bmul.c"
 Parameters:    Size  Location     Type
  multiplier      1    wreg     unsigned char 
  multiplicand    1    0[COMMON] unsigned char 
 Auto vars:     Size  Location     Type
  multiplier      1    3[COMMON] unsigned char 
  product         1    2[COMMON] unsigned char 
 Return value:  Size  Location     Type
                  1    wreg      unsigned char 
 Registers used:
		wreg, status,2, status,0
 Tracked objects:
		On entry : 
		On exit  : 
		Unchanged: 
 Data sizes:     COMMON   BANK0   BANK1   BANK3   BANK2
      Params:         1       0       0       0       0
      Locals:         2       0       0       0       0
      Temps:          1       0       0       0       0
      Totals:         4       0       0       0       0
Total ram usage:        4 bytes
 Hardware stack levels used:    1
 This function calls:
		Nothing
 This function is called by:
		_adcon_captura_grava
		_adcon_mostra
		_rs232_transmite
		_estado_menu_principal
		_estado_executa_muda
		_eval_poly
 This function uses a non-reentrant model



MODULE INFORMATION

Module		Function		Class		Link	Load	Size
adcon.c
		_adcon_ler_cana		CODE           	0C5D	0000	135
		_adcon_captura_		CODE           	0696	0000	304
		_adcon_mostra  		CODE           	0CE4	0000	145
		_adcon_init    		CODE           	15B4	0000	25

adcon.c estimated size: 609

rs232.c
		_rs232_init    		CODE           	159B	0000	25
		_rs232_transmit		CODE           	0BDD	0000	128

rs232.c estimated size: 153

/opt/microchip/xc8/v1.20/sources/pic/awmod.c
		___awmod       		CODE           	0A29	0000	100

/opt/microchip/xc8/v1.20/sources/pic/awmod.c estimated size: 100

/opt/microchip/xc8/v1.20/sources/pic/lwmod.c
		___lwmod       		CODE           	0842	0000	67

/opt/microchip/xc8/v1.20/sources/pic/lwmod.c estimated size: 67

/opt/microchip/xc8/v1.20/sources/pic/awdiv.c
		___awdiv       		CODE           	0AF6	0000	114

/opt/microchip/xc8/v1.20/sources/pic/awdiv.c estimated size: 114

handler.c
		_handler       		CODE           	0D75	0000	166

handler.c estimated size: 166

timer.c
		_timer0_init   		CODE           	14F1	0000	13

timer.c estimated size: 13

estados.c
		_estado_menu_co		CODE           	09C8	0000	97
		_estado_menu_li		CODE           	151D	0000	17
		_estado_executa		CODE           	0015	0000	743
		_estado_menu_co		CODE           	091F	0000	82
		_estado_ver_tod		CODE           	0971	0000	87
		_estado_menu_pr		CODE           	02FC	0000	450
		_estado_captura		CODE           	152E	0000	18
		_estado_maquina		CODE           	0B68	0000	117
		_estado_inicial		CODE           	14E2	0000	7
		_estado_max_min		CODE           	150C	0000	17

estados.c estimated size: 1635

/opt/microchip/xc8/v1.20/sources/pic/lwdiv.c
		___lwdiv       		CODE           	0885	0000	77

/opt/microchip/xc8/v1.20/sources/pic/lwdiv.c estimated size: 77

shared
		exp@coeff      		STRCODE        	0552	0000	30
		__stringtab    		STRCODE        	0500	0000	18
		__stringdata   		STRCODE        	058B	0000	267
		_dpowers       		STRCODE        	053A	0000	10
		_mq_gl_r0      		STRCODE        	0550	0000	2
		_menu_quant_sen		STRCODE        	052E	0000	12
		_menu_tempo_amo		STRCODE        	0512	0000	28
		_LCD_POSICAO   		STRCODE        	0544	0000	8
		__initializatio		CODE           	162B	0000	34
		i1_lcd_goto    		CODE           	1651	0000	39
		i1_lcd_write   		CODE           	16A2	0000	43
		i1_eeprom_read 		CODE           	15E7	0000	31
		i1_lcd_puts    		CODE           	08D2	0000	77
		log@coeff      		STRCODE        	0570	0000	27
		i1_eeprom_grava		CODE           	1553	0000	22
		i1_eeprom_write		CODE           	1759	0000	49
		_canais        		STRCODE        	054C	0000	4

shared estimated size: 701

eeprom.c
		_eeprom_gravar_		CODE           	15CD	0000	26
		_eeprom_ler_wor		CODE           	1678	0000	42

eeprom.c estimated size: 68

main.c
		_main          		CODE           	0E1B	0000	187

main.c estimated size: 187

/opt/microchip/xc8/v1.20/sources/common/cdiv.c
		_div           		CODE           	0806	0000	60

/opt/microchip/xc8/v1.20/sources/common/cdiv.c estimated size: 60

/opt/microchip/xc8/v1.20/sources/common/doprnt.c
		_sprintf       		CODE           	0ED6	0000	298

/opt/microchip/xc8/v1.20/sources/common/doprnt.c estimated size: 298

/opt/microchip/xc8/v1.20/sources/pic/eewrite.c
		_eeprom_write  		CODE           	17C5	0000	59

/opt/microchip/xc8/v1.20/sources/pic/eewrite.c estimated size: 59

/opt/microchip/xc8/v1.20/sources/pic/lbdiv.c
		___lbdiv       		CODE           	16FB	0000	47

/opt/microchip/xc8/v1.20/sources/pic/lbdiv.c estimated size: 47

/opt/microchip/xc8/v1.20/sources/pic/bmul.c
		___bmul        		CODE           	1569	0000	25

/opt/microchip/xc8/v1.20/sources/pic/bmul.c estimated size: 25

botoes.c
		_btns_init     		CODE           	07C6	0000	52
		_btns_testa    		CODE           	16CD	0000	46

botoes.c estimated size: 98

/opt/microchip/xc8/v1.20/sources/pic/eeread.c
		_eeprom_read   		CODE           	1606	0000	37

/opt/microchip/xc8/v1.20/sources/pic/eeread.c estimated size: 37

lcd.c
		_lcd_puts      		CODE           	0A8D	0000	105
		_lcd_clear     		CODE           	1582	0000	25
		_lcd_goto      		CODE           	172A	0000	47
		_lcd_write     		CODE           	04BE	0000	65
		_lcd_init      		CODE           	178A	0000	59

lcd.c estimated size: 301

